PING client -> server OK
PING server -> client OK
UDP client -> server OK
UDP server -> client OK
TCP client -> server OK
TCP server -> client ERROR
PING host -> server OK
PING host -> client OK
UDP host -> server OK
UDP host -> client OK
TCP host -> server ERROR
TCP host -> client OK
