kind: NetworkPolicy
apiVersion: networking.k8s.io/v1
metadata:
  name: allow-port-5000-server
  namespace: default
spec:
  podSelector:
    matchLabels:
      app: ubuntu-server
  ingress:
    - ports:
      - port: 5000
      from:
      - podSelector:
          matchLabels:
            app: ubuntu-client
